Hello from Claude Skill
